******************************************************************************
                  TI ARM Linker PC v16.9.0                     
******************************************************************************
>> Linked Fri Jun 02 14:14:07 2017

OUTPUT FILE NAME:   <Internet_Control_Device.out>
ENTRY POINT SYMBOL: "_c_int00"  address: 00001221


MEMORY CONFIGURATION

         name            origin    length      used     unused   attr    fill
----------------------  --------  ---------  --------  --------  ----  --------
  FLASH                 00000000   00040000  00001bcb  0003e435  R  X
  SRAM                  20000000   00008000  000007e4  0000781c  RW X


SEGMENT ALLOCATION MAP

run origin  load origin   length   init length attrs members
----------  ----------- ---------- ----------- ----- -------
00000000    00000000    00001bd0   00001bd0    r-x
  00000000    00000000    0000026c   0000026c    r-- .intvecs
  0000026c    0000026c    000013fa   000013fa    r-x .text
  00001668    00001668    0000031d   0000031d    r-- .const
  00001988    00001988    00000248   00000248    r-- .cinit
20000000    20000000    000007e4   00000000    rw-
  20000000    20000000    0000026c   00000000    rw- .vtable
  2000026c    2000026c    000002b0   00000000    rw- .data
  2000051c    2000051c    00000200   00000000    rw- .stack
  2000071c    2000071c    000000c8   00000000    rw- .bss


SECTION ALLOCATION MAP

 output                                  attributes/
section   page    origin      length       input sections
--------  ----  ----------  ----------   ----------------
.intvecs   0    00000000    0000026c     
                  00000000    0000026c     tm4c123gh6pm_startup_ccs.obj (.intvecs)

.text      0    0000026c    000013fa     
                  0000026c    000003d0     main.obj (.text)
                  0000063c    00000300     ESP8266.obj (.text)
                  0000093c    00000158     strings.obj (.text)
                  00000a94    00000144     init.obj (.text)
                  00000bd8    00000132     driverlib.lib : gpio.obj (.text:GPIOPadConfigSet)
                  00000d0a    00000002     rtsv7M4_T_le_v4SPD16_eabi.lib : mpu_init.obj (.text)
                  00000d0c    00000110     driverlib.lib : sysctl.obj (.text:SysCtlClockGet)
                  00000e1c    000000f4                   : sysctl.obj (.text:SysCtlClockSet)
                  00000f10    0000009c     rtsv7M4_T_le_v4SPD16_eabi.lib : memcpy_t2.obj (.text)
                  00000fac    0000007a                                   : memset_t2.obj (.text)
                  00001026    00000002                                   : startup.obj (.text)
                  00001028    00000070                                   : autoinit.obj (.text)
                  00001098    00000068     driverlib.lib : interrupt.obj (.text:IntEnable)
                  00001100    00000068     rtsv7M4_T_le_v4SPD16_eabi.lib : copy_decompress_lzss.obj (.text:decompress:lzss)
                  00001168    00000060     driverlib.lib : timer.obj (.text:TimerConfigure)
                  000011c8    00000056                   : gpio.obj (.text:GPIOIntTypeSet)
                  0000121e    00000002     --HOLE-- [fill = 0]
                  00001220    00000054     rtsv7M4_T_le_v4SPD16_eabi.lib : boot.obj (.text)
                  00001274    00000054                                   : exit.obj (.text)
                  000012c8    0000004c                                   : cpy_tbl.obj (.text)
                  00001314    00000048     driverlib.lib : gpio.obj (.text:GPIOPinConfigure)
                  0000135c    00000046                   : uart.obj (.text:UARTConfigSetExpClk)
                  000013a2    00000002     --HOLE-- [fill = 0]
                  000013a4    00000044                   : gpio.obj (.text:_GPIOIntNumberGet)
                  000013e8    0000003c     time.obj (.text)
                  00001424    00000034     driverlib.lib : interrupt.obj (.text:IntRegister)
                  00001458    00000034                   : sysctl.obj (.text:SysCtlPeripheralEnable)
                  0000148c    0000002a                   : gpio.obj (.text:GPIODirModeSet)
                  000014b6    00000002     --HOLE-- [fill = 0]
                  000014b8    00000020                   : uart.obj (.text:UARTDisable)
                  000014d8    0000001e     rtsv7M4_T_le_v4SPD16_eabi.lib : strcat.obj (.text)
                  000014f6    00000018     driverlib.lib : gpio.obj (.text:GPIOIntRegister)
                  0000150e    00000018                   : gpio.obj (.text:GPIOPinTypeGPIOOutput)
                  00001526    00000002     --HOLE-- [fill = 0]
                  00001528    00000018     rtsv7M4_T_le_v4SPD16_eabi.lib : args_main.obj (.text)
                  00001540    00000014     driverlib.lib : uart.obj (.text:UARTEnable)
                  00001554    00000014     rtsv7M4_T_le_v4SPD16_eabi.lib : _lock.obj (.text)
                  00001568    00000014                                   : strlen.obj (.text)
                  0000157c    00000012     driverlib.lib : gpio.obj (.text:GPIOPinTypeGPIOInput)
                  0000158e    00000012                   : gpio.obj (.text:GPIOPinTypeUART)
                  000015a0    00000012                   : timer.obj (.text:TimerLoadSet)
                  000015b2    00000010                   : interrupt.obj (.text:IntMasterEnable)
                  000015c2    0000000e                   : timer.obj (.text:TimerEnable)
                  000015d0    0000000e                   : uart.obj (.text:UARTCharsAvail)
                  000015de    0000000e     rtsv7M4_T_le_v4SPD16_eabi.lib : copy_decompress_none.obj (.text:decompress:none)
                  000015ec    0000000c     driverlib.lib : cpu.obj (.text:CPUcpsie)
                  000015f8    0000000c                   : gpio.obj (.text:GPIOIntEnable)
                  00001604    0000000c     rtsv7M4_T_le_v4SPD16_eabi.lib : copy_zero_init.obj (.text:decompress:ZI)
                  00001610    0000000c     tm4c123gh6pm_startup_ccs.obj (.text)
                  0000161c    0000000a     driverlib.lib : uart.obj (.text:UARTCharGet)
                  00001626    0000000a                   : uart.obj (.text:UARTCharPut)
                  00001630    00000008                   : timer.obj (.text:TimerIntEnable)
                  00001638    00000008                   : uart.obj (.text:UARTBusy)
                  00001640    00000006                   : gpio.obj (.text:GPIOIntClear)
                  00001646    00000006                   : gpio.obj (.text:GPIOPinRead)
                  0000164c    00000006                   : gpio.obj (.text:GPIOPinWrite)
                  00001652    00000006                   : sysctl.obj (.text:SysCtlDelay)
                  00001658    00000006                   : uart.obj (.text:UARTClockSourceSet)
                  0000165e    00000004                   : timer.obj (.text:TimerIntClear)
                  00001662    00000004     rtsv7M4_T_le_v4SPD16_eabi.lib : pre_init.obj (.text)

.const     0    00001668    0000031d     
                  00001668    000000d8     driverlib.lib : gpio.obj (.const:g_ppui32GPIOIntMapSnowflake)
                  00001740    000000c0                   : gpio.obj (.const:g_ppui32GPIOIntMapBlizzard)
                  00001800    00000090                   : gpio.obj (.const:g_pui32GPIOBaseAddrs)
                  00001890    00000070                   : interrupt.obj (.const)
                  00001900    0000006c                   : sysctl.obj (.const:g_pui32Xtals)
                  0000196c    0000000e     ESP8266.obj (.const:.string:$P$T0$1)
                  0000197a    0000000b     strings.obj (.const:.string:$P$T0$1)

.cinit     0    00001988    00000248     
                  00001988    0000020e     (.cinit..data.load) [load image, compression = lzss]
                  00001b96    00000002     --HOLE-- [fill = 0]
                  00001b98    0000000c     (__TI_handler_table)
                  00001ba4    00000004     --HOLE-- [fill = 0]
                  00001ba8    00000008     (.cinit..bss.load) [load image, compression = zero_init]
                  00001bb0    00000008     (.cinit..vtable.load) [load image, compression = zero_init]
                  00001bb8    00000018     (__TI_cinit_table)

.init_array 
*          0    00000000    00000000     UNINITIALIZED

.vtable    0    20000000    0000026c     UNINITIALIZED
                  20000000    0000026c     driverlib.lib : interrupt.obj (.vtable)

.data      0    2000026c    000002b0     UNINITIALIZED
                  2000026c    00000289     main.obj (.data:website)
                  200004f5    00000003     --HOLE--
                  200004f8    0000000c     rtsv7M4_T_le_v4SPD16_eabi.lib : exit.obj (.data:$O1$$)
                  20000504    00000008                                   : _lock.obj (.data:$O1$$)
                  2000050c    00000008     main.obj (.data)
                  20000514    00000004     rtsv7M4_T_le_v4SPD16_eabi.lib : stkdepth_vars.obj (.data)
                  20000518    00000004     time.obj (.data)

.stack     0    2000051c    00000200     UNINITIALIZED
                  2000051c    00000200     --HOLE--

.bss       0    2000071c    000000c8     UNINITIALIZED
                  2000071c    00000064     ESP8266.obj (.bss:ReceivedData)
                  20000780    00000064     main.obj (.bss:ReceivedData)

MODULE SUMMARY

       Module                         code   ro data   rw data
       ------                         ----   -------   -------
    .\
       main.obj                       976    0         757    
       ESP8266.obj                    768    14        100    
       tm4c123gh6pm_startup_ccs.obj   12     620       0      
    +--+------------------------------+------+---------+---------+
       Total:                         1756   634       857    
                                                              
    .\MyLibrary\
       strings.obj                    344    11        0      
       init.obj                       324    0         0      
       time.obj                       60     0         4      
    +--+------------------------------+------+---------+---------+
       Total:                         728    11        4      
                                                              
    ../driverlib.lib
       gpio.obj                       688    552       0      
       interrupt.obj                  172    112       620    
       sysctl.obj                     574    108       0      
       uart.obj                       170    0         0      
       timer.obj                      140    0         0      
       cpu.obj                        12     0         0      
    +--+------------------------------+------+---------+---------+
       Total:                         1756   772       620    
                                                              
    C:\ti\ccsv7\tools\compiler\ti-cgt-arm_16.9.0.LTS\lib\rtsv7M4_T_le_v4SPD16_eabi.lib
       memcpy_t2.obj                  156    0         0      
       memset_t2.obj                  122    0         0      
       autoinit.obj                   112    0         0      
       copy_decompress_lzss.obj       104    0         0      
       exit.obj                       84     0         12     
       boot.obj                       84     0         0      
       cpy_tbl.obj                    76     0         0      
       strcat.obj                     30     0         0      
       _lock.obj                      20     0         8      
       args_main.obj                  24     0         0      
       strlen.obj                     20     0         0      
       copy_decompress_none.obj       14     0         0      
       copy_zero_init.obj             12     0         0      
       pre_init.obj                   4      0         0      
       stkdepth_vars.obj              0      0         4      
       mpu_init.obj                   2      0         0      
       startup.obj                    2      0         0      
    +--+------------------------------+------+---------+---------+
       Total:                         866    0         24     
                                                              
       Stack:                         0      0         512    
       Linker Generated:              0      578       0      
    +--+------------------------------+------+---------+---------+
       Grand Total:                   5106   1995      2017   


LINKER GENERATED COPY TABLES

__TI_cinit_table @ 00001bb8 records: 3, size/record: 8, table size: 24
	.data: load addr=00001988, load size=0000020e bytes, run addr=2000026c, run size=000002b0 bytes, compression=lzss
	.bss: load addr=00001ba8, load size=00000008 bytes, run addr=2000071c, run size=000000c8 bytes, compression=zero_init
	.vtable: load addr=00001bb0, load size=00000008 bytes, run addr=20000000, run size=0000026c bytes, compression=zero_init


LINKER GENERATED HANDLER TABLE

__TI_handler_table @ 00001b98 records: 3, size/record: 4, table size: 12
	index: 0, handler: __TI_zero_init
	index: 1, handler: __TI_decompress_lzss
	index: 2, handler: __TI_decompress_none


GLOBAL SYMBOLS: SORTED ALPHABETICALLY BY Name 

address   name                           
-------   ----                           
00000479  ButtonDISR                     
0000042d  ButtonISR                      
00001275  C$$EXIT                        
000015ed  CPUcpsie                       
00001403  DelayMS                        
00000849  ESPWrite                       
0000093d  FindString                     
0000148d  GPIODirModeSet                 
00001641  GPIOIntClear                   
000015f9  GPIOIntEnable                  
000014f7  GPIOIntRegister                
000011c9  GPIOIntTypeSet                 
00000bd9  GPIOPadConfigSet               
00001315  GPIOPinConfigure               
00001647  GPIOPinRead                    
0000157d  GPIOPinTypeGPIOInput           
0000150f  GPIOPinTypeGPIOOutput          
0000158f  GPIOPinTypeUART                
0000164d  GPIOPinWrite                   
00000b75  InitButton                     
000004c1  InitButtonISR                  
0000063d  InitESP8266                    
00000b59  InitLED                        
00000401  InitProgram                    
00000b11  InitTimer0                     
00000a95  InitUART0                      
00000acf  InitUART1                      
00001099  IntEnable                      
000015b3  IntMasterEnable                
00001425  IntRegister                    
00000315  ProcessCommand                 
000006f7  ReceiveResponse                
00001611  ResetISR                       
0000034f  ResponseXML                    
UNDEFED   SHT$$INIT_ARRAY$$Base          
UNDEFED   SHT$$INIT_ARRAY$$Limit         
000006bf  SendATCommand                  
000007bf  SendHtml                       
0000076d  SendRecvATCommand              
000009e5  SendString                     
000003c5  SetGPIO                        
00000d0d  SysCtlClockGet                 
00000e1d  SysCtlClockSet                 
00001653  SysCtlDelay                    
00001459  SysCtlPeripheralEnable         
000013e9  Timer0IntHandler               
00001169  TimerConfigure                 
000015c3  TimerEnable                    
0000165f  TimerIntClear                  
00001631  TimerIntEnable                 
000015a1  TimerLoadSet                   
00001639  UARTBusy                       
0000161d  UARTCharGet                    
00001627  UARTCharPut                    
000015d1  UARTCharsAvail                 
00001659  UARTClockSourceSet             
0000135d  UARTConfigSetExpClk            
000014b9  UARTDisable                    
00001541  UARTEnable                     
2000071c  __STACK_END                    
00000200  __STACK_SIZE                   
2000071c  __STACK_TOP                    
00001bb8  __TI_CINIT_Base                
00001bd0  __TI_CINIT_Limit               
00001b98  __TI_Handler_Table_Base        
00001ba4  __TI_Handler_Table_Limit       
00001029  __TI_auto_init                 
200004f8  __TI_cleanup_ptr               
00001101  __TI_decompress_lzss           
000015df  __TI_decompress_none           
200004fc  __TI_dtors_ptr                 
20000500  __TI_enable_exit_profile_output
ffffffff  __TI_pprof_out_hndl            
ffffffff  __TI_prof_data_size            
ffffffff  __TI_prof_data_start           
00000000  __TI_static_base__             
00001605  __TI_zero_init                 
00000fad  __aeabi_memclr                 
00000fad  __aeabi_memclr4                
00000fad  __aeabi_memclr8                
00000f11  __aeabi_memcpy                 
00000f11  __aeabi_memcpy4                
00000f11  __aeabi_memcpy8                
00000faf  __aeabi_memset                 
00000faf  __aeabi_memset4                
00000faf  __aeabi_memset8                
ffffffff  __binit__                      
ffffffff  __c_args__                     
00000d0b  __mpu_init                     
2000051c  __stack                        
00001529  _args_main                     
00001221  _c_int00                       
20000504  _lock                          
00001563  _nop                           
0000155b  _register_lock                 
00001555  _register_unlock               
00001027  _system_post_cinit             
00001663  _system_pre_init               
20000508  _unlock                        
00001279  abort                          
ffffffff  binit                          
000012c9  copy_in                        
00001281  exit                           
20000000  g_pfnRAMVectors                
00000000  g_pfnVectors                   
00000a1f  itoa                           
0000026d  main                           
20000514  main_func_sp                   
00000f11  memcpy                         
00000fb5  memset                         
000013fd  millis                         
000014d9  strcat                         
00001569  strlen                         


GLOBAL SYMBOLS: SORTED BY Symbol Address 

address   name                           
-------   ----                           
00000000  __TI_static_base__             
00000000  g_pfnVectors                   
00000200  __STACK_SIZE                   
0000026d  main                           
00000315  ProcessCommand                 
0000034f  ResponseXML                    
000003c5  SetGPIO                        
00000401  InitProgram                    
0000042d  ButtonISR                      
00000479  ButtonDISR                     
000004c1  InitButtonISR                  
0000063d  InitESP8266                    
000006bf  SendATCommand                  
000006f7  ReceiveResponse                
0000076d  SendRecvATCommand              
000007bf  SendHtml                       
00000849  ESPWrite                       
0000093d  FindString                     
000009e5  SendString                     
00000a1f  itoa                           
00000a95  InitUART0                      
00000acf  InitUART1                      
00000b11  InitTimer0                     
00000b59  InitLED                        
00000b75  InitButton                     
00000bd9  GPIOPadConfigSet               
00000d0b  __mpu_init                     
00000d0d  SysCtlClockGet                 
00000e1d  SysCtlClockSet                 
00000f11  __aeabi_memcpy                 
00000f11  __aeabi_memcpy4                
00000f11  __aeabi_memcpy8                
00000f11  memcpy                         
00000fad  __aeabi_memclr                 
00000fad  __aeabi_memclr4                
00000fad  __aeabi_memclr8                
00000faf  __aeabi_memset                 
00000faf  __aeabi_memset4                
00000faf  __aeabi_memset8                
00000fb5  memset                         
00001027  _system_post_cinit             
00001029  __TI_auto_init                 
00001099  IntEnable                      
00001101  __TI_decompress_lzss           
00001169  TimerConfigure                 
000011c9  GPIOIntTypeSet                 
00001221  _c_int00                       
00001275  C$$EXIT                        
00001279  abort                          
00001281  exit                           
000012c9  copy_in                        
00001315  GPIOPinConfigure               
0000135d  UARTConfigSetExpClk            
000013e9  Timer0IntHandler               
000013fd  millis                         
00001403  DelayMS                        
00001425  IntRegister                    
00001459  SysCtlPeripheralEnable         
0000148d  GPIODirModeSet                 
000014b9  UARTDisable                    
000014d9  strcat                         
000014f7  GPIOIntRegister                
0000150f  GPIOPinTypeGPIOOutput          
00001529  _args_main                     
00001541  UARTEnable                     
00001555  _register_unlock               
0000155b  _register_lock                 
00001563  _nop                           
00001569  strlen                         
0000157d  GPIOPinTypeGPIOInput           
0000158f  GPIOPinTypeUART                
000015a1  TimerLoadSet                   
000015b3  IntMasterEnable                
000015c3  TimerEnable                    
000015d1  UARTCharsAvail                 
000015df  __TI_decompress_none           
000015ed  CPUcpsie                       
000015f9  GPIOIntEnable                  
00001605  __TI_zero_init                 
00001611  ResetISR                       
0000161d  UARTCharGet                    
00001627  UARTCharPut                    
00001631  TimerIntEnable                 
00001639  UARTBusy                       
00001641  GPIOIntClear                   
00001647  GPIOPinRead                    
0000164d  GPIOPinWrite                   
00001653  SysCtlDelay                    
00001659  UARTClockSourceSet             
0000165f  TimerIntClear                  
00001663  _system_pre_init               
00001b98  __TI_Handler_Table_Base        
00001ba4  __TI_Handler_Table_Limit       
00001bb8  __TI_CINIT_Base                
00001bd0  __TI_CINIT_Limit               
20000000  g_pfnRAMVectors                
200004f8  __TI_cleanup_ptr               
200004fc  __TI_dtors_ptr                 
20000500  __TI_enable_exit_profile_output
20000504  _lock                          
20000508  _unlock                        
20000514  main_func_sp                   
2000051c  __stack                        
2000071c  __STACK_END                    
2000071c  __STACK_TOP                    
ffffffff  __TI_pprof_out_hndl            
ffffffff  __TI_prof_data_size            
ffffffff  __TI_prof_data_start           
ffffffff  __binit__                      
ffffffff  __c_args__                     
ffffffff  binit                          
UNDEFED   SHT$$INIT_ARRAY$$Base          
UNDEFED   SHT$$INIT_ARRAY$$Limit         

[113 symbols]
