******************************************************************************
                  TI ARM Linker PC v16.9.0                     
******************************************************************************
>> Linked Sat Jun 03 23:31:08 2017

OUTPUT FILE NAME:   <Internet_Control_Device.out>
ENTRY POINT SYMBOL: "_c_int00"  address: 00001199


MEMORY CONFIGURATION

         name            origin    length      used     unused   attr    fill
----------------------  --------  ---------  --------  --------  ----  --------
  FLASH                 00000000   00040000  00001bfb  0003e405  R  X
  SRAM                  20000000   00008000  00000928  000076d8  RW X


SEGMENT ALLOCATION MAP

run origin  load origin   length   init length attrs members
----------  ----------- ---------- ----------- ----- -------
00000000    00000000    00001c00   00001c00    r-x
  00000000    00000000    0000026c   0000026c    r-- .intvecs
  0000026c    0000026c    00001372   00001372    r-x .text
  000015e0    000015e0    0000031d   0000031d    r-- .const
  00001900    00001900    00000300   00000300    r-- .cinit
20000000    20000000    00000928   00000000    rw-
  20000000    20000000    0000026c   00000000    rw- .vtable
  2000026c    2000026c    000003f4   00000000    rw- .data
  20000660    20000660    00000200   00000000    rw- .stack
  20000860    20000860    000000c8   00000000    rw- .bss


SECTION ALLOCATION MAP

 output                                  attributes/
section   page    origin      length       input sections
--------  ----  ----------  ----------   ----------------
.intvecs   0    00000000    0000026c     
                  00000000    0000026c     tm4c123gh6pm_startup_ccs.obj (.intvecs)

.text      0    0000026c    00001372     
                  0000026c    0000033c     main.obj (.text)
                  000005a8    0000030c     ESP8266.obj (.text)
                  000008b4    00000158     strings.obj (.text)
                  00000a0c    00000144     init.obj (.text)
                  00000b50    00000132     driverlib.lib : gpio.obj (.text:GPIOPadConfigSet)
                  00000c82    00000002     rtsv7M4_T_le_v4SPD16_eabi.lib : mpu_init.obj (.text)
                  00000c84    00000110     driverlib.lib : sysctl.obj (.text:SysCtlClockGet)
                  00000d94    000000f4                   : sysctl.obj (.text:SysCtlClockSet)
                  00000e88    0000009c     rtsv7M4_T_le_v4SPD16_eabi.lib : memcpy_t2.obj (.text)
                  00000f24    0000007a                                   : memset_t2.obj (.text)
                  00000f9e    00000002                                   : startup.obj (.text)
                  00000fa0    00000070                                   : autoinit.obj (.text)
                  00001010    00000068     driverlib.lib : interrupt.obj (.text:IntEnable)
                  00001078    00000068     rtsv7M4_T_le_v4SPD16_eabi.lib : copy_decompress_lzss.obj (.text:decompress:lzss)
                  000010e0    00000060     driverlib.lib : timer.obj (.text:TimerConfigure)
                  00001140    00000056                   : gpio.obj (.text:GPIOIntTypeSet)
                  00001196    00000002     --HOLE-- [fill = 0]
                  00001198    00000054     rtsv7M4_T_le_v4SPD16_eabi.lib : boot.obj (.text)
                  000011ec    00000054                                   : exit.obj (.text)
                  00001240    0000004c                                   : cpy_tbl.obj (.text)
                  0000128c    00000048     driverlib.lib : gpio.obj (.text:GPIOPinConfigure)
                  000012d4    00000046                   : uart.obj (.text:UARTConfigSetExpClk)
                  0000131a    00000002     --HOLE-- [fill = 0]
                  0000131c    00000044                   : gpio.obj (.text:_GPIOIntNumberGet)
                  00001360    0000003c     time.obj (.text)
                  0000139c    00000034     driverlib.lib : interrupt.obj (.text:IntRegister)
                  000013d0    00000034                   : sysctl.obj (.text:SysCtlPeripheralEnable)
                  00001404    0000002a                   : gpio.obj (.text:GPIODirModeSet)
                  0000142e    00000002     --HOLE-- [fill = 0]
                  00001430    00000020                   : uart.obj (.text:UARTDisable)
                  00001450    0000001e     rtsv7M4_T_le_v4SPD16_eabi.lib : strcat.obj (.text)
                  0000146e    00000018     driverlib.lib : gpio.obj (.text:GPIOIntRegister)
                  00001486    00000018                   : gpio.obj (.text:GPIOPinTypeGPIOOutput)
                  0000149e    00000002     --HOLE-- [fill = 0]
                  000014a0    00000018     rtsv7M4_T_le_v4SPD16_eabi.lib : args_main.obj (.text)
                  000014b8    00000014     driverlib.lib : uart.obj (.text:UARTEnable)
                  000014cc    00000014     rtsv7M4_T_le_v4SPD16_eabi.lib : _lock.obj (.text)
                  000014e0    00000014                                   : strlen.obj (.text)
                  000014f4    00000012     driverlib.lib : gpio.obj (.text:GPIOPinTypeGPIOInput)
                  00001506    00000012                   : gpio.obj (.text:GPIOPinTypeUART)
                  00001518    00000012                   : timer.obj (.text:TimerLoadSet)
                  0000152a    00000010                   : interrupt.obj (.text:IntMasterEnable)
                  0000153a    0000000e                   : timer.obj (.text:TimerEnable)
                  00001548    0000000e                   : uart.obj (.text:UARTCharsAvail)
                  00001556    0000000e     rtsv7M4_T_le_v4SPD16_eabi.lib : copy_decompress_none.obj (.text:decompress:none)
                  00001564    0000000c     driverlib.lib : cpu.obj (.text:CPUcpsie)
                  00001570    0000000c                   : gpio.obj (.text:GPIOIntEnable)
                  0000157c    0000000c     rtsv7M4_T_le_v4SPD16_eabi.lib : copy_zero_init.obj (.text:decompress:ZI)
                  00001588    0000000c     tm4c123gh6pm_startup_ccs.obj (.text)
                  00001594    0000000a     driverlib.lib : uart.obj (.text:UARTCharGet)
                  0000159e    0000000a                   : uart.obj (.text:UARTCharPut)
                  000015a8    00000008                   : timer.obj (.text:TimerIntEnable)
                  000015b0    00000008                   : uart.obj (.text:UARTBusy)
                  000015b8    00000006                   : gpio.obj (.text:GPIOIntClear)
                  000015be    00000006                   : gpio.obj (.text:GPIOPinRead)
                  000015c4    00000006                   : gpio.obj (.text:GPIOPinWrite)
                  000015ca    00000006                   : sysctl.obj (.text:SysCtlDelay)
                  000015d0    00000006                   : uart.obj (.text:UARTClockSourceSet)
                  000015d6    00000004                   : timer.obj (.text:TimerIntClear)
                  000015da    00000004     rtsv7M4_T_le_v4SPD16_eabi.lib : pre_init.obj (.text)

.const     0    000015e0    0000031d     
                  000015e0    000000d8     driverlib.lib : gpio.obj (.const:g_ppui32GPIOIntMapSnowflake)
                  000016b8    000000c0                   : gpio.obj (.const:g_ppui32GPIOIntMapBlizzard)
                  00001778    00000090                   : gpio.obj (.const:g_pui32GPIOBaseAddrs)
                  00001808    00000070                   : interrupt.obj (.const)
                  00001878    0000006c                   : sysctl.obj (.const:g_pui32Xtals)
                  000018e4    0000000e     ESP8266.obj (.const:.string:$P$T0$1)
                  000018f2    0000000b     strings.obj (.const:.string:$P$T0$1)

.cinit     0    00001900    00000300     
                  00001900    000002ca     (.cinit..data.load) [load image, compression = lzss]
                  00001bca    00000002     --HOLE-- [fill = 0]
                  00001bcc    0000000c     (__TI_handler_table)
                  00001bd8    00000008     (.cinit..bss.load) [load image, compression = zero_init]
                  00001be0    00000008     (.cinit..vtable.load) [load image, compression = zero_init]
                  00001be8    00000018     (__TI_cinit_table)

.init_array 
*          0    00000000    00000000     UNINITIALIZED

.vtable    0    20000000    0000026c     UNINITIALIZED
                  20000000    0000026c     driverlib.lib : interrupt.obj (.vtable)

.data      0    2000026c    000003f4     UNINITIALIZED
                  2000026c    000003ce     main.obj (.data:website)
                  2000063a    00000002     --HOLE--
                  2000063c    0000000c     rtsv7M4_T_le_v4SPD16_eabi.lib : exit.obj (.data:$O1$$)
                  20000648    00000008                                   : _lock.obj (.data:$O1$$)
                  20000650    00000008     main.obj (.data)
                  20000658    00000004     rtsv7M4_T_le_v4SPD16_eabi.lib : stkdepth_vars.obj (.data)
                  2000065c    00000004     time.obj (.data)

.stack     0    20000660    00000200     UNINITIALIZED
                  20000660    00000200     --HOLE--

.bss       0    20000860    000000c8     UNINITIALIZED
                  20000860    00000064     ESP8266.obj (.bss:ReceivedData)
                  200008c4    00000064     main.obj (.bss:ReceivedData)

MODULE SUMMARY

       Module                         code   ro data   rw data
       ------                         ----   -------   -------
    .\
       main.obj                       828    0         1082   
       ESP8266.obj                    780    14        100    
       tm4c123gh6pm_startup_ccs.obj   12     620       0      
    +--+------------------------------+------+---------+---------+
       Total:                         1620   634       1182   
                                                              
    .\MyLibrary\
       strings.obj                    344    11        0      
       init.obj                       324    0         0      
       time.obj                       60     0         4      
    +--+------------------------------+------+---------+---------+
       Total:                         728    11        4      
                                                              
    ../driverlib.lib
       gpio.obj                       688    552       0      
       interrupt.obj                  172    112       620    
       sysctl.obj                     574    108       0      
       uart.obj                       170    0         0      
       timer.obj                      140    0         0      
       cpu.obj                        12     0         0      
    +--+------------------------------+------+---------+---------+
       Total:                         1756   772       620    
                                                              
    C:\ti\ccsv7\tools\compiler\ti-cgt-arm_16.9.0.LTS\lib\rtsv7M4_T_le_v4SPD16_eabi.lib
       memcpy_t2.obj                  156    0         0      
       memset_t2.obj                  122    0         0      
       autoinit.obj                   112    0         0      
       copy_decompress_lzss.obj       104    0         0      
       exit.obj                       84     0         12     
       boot.obj                       84     0         0      
       cpy_tbl.obj                    76     0         0      
       strcat.obj                     30     0         0      
       _lock.obj                      20     0         8      
       args_main.obj                  24     0         0      
       strlen.obj                     20     0         0      
       copy_decompress_none.obj       14     0         0      
       copy_zero_init.obj             12     0         0      
       pre_init.obj                   4      0         0      
       stkdepth_vars.obj              0      0         4      
       mpu_init.obj                   2      0         0      
       startup.obj                    2      0         0      
    +--+------------------------------+------+---------+---------+
       Total:                         866    0         24     
                                                              
       Stack:                         0      0         512    
       Linker Generated:              0      766       0      
    +--+------------------------------+------+---------+---------+
       Grand Total:                   4970   2183      2342   


LINKER GENERATED COPY TABLES

__TI_cinit_table @ 00001be8 records: 3, size/record: 8, table size: 24
	.data: load addr=00001900, load size=000002ca bytes, run addr=2000026c, run size=000003f4 bytes, compression=lzss
	.bss: load addr=00001bd8, load size=00000008 bytes, run addr=20000860, run size=000000c8 bytes, compression=zero_init
	.vtable: load addr=00001be0, load size=00000008 bytes, run addr=20000000, run size=0000026c bytes, compression=zero_init


LINKER GENERATED HANDLER TABLE

__TI_handler_table @ 00001bcc records: 3, size/record: 4, table size: 12
	index: 0, handler: __TI_zero_init
	index: 1, handler: __TI_decompress_lzss
	index: 2, handler: __TI_decompress_none


GLOBAL SYMBOLS: SORTED ALPHABETICALLY BY Name 

address   name                           
-------   ----                           
0000043f  ButtonDISR                     
000011ed  C$$EXIT                        
00001565  CPUcpsie                       
0000137b  DelayMS                        
000007c7  ESPWrite                       
000008b5  FindString                     
00001405  GPIODirModeSet                 
000015b9  GPIOIntClear                   
00001571  GPIOIntEnable                  
0000146f  GPIOIntRegister                
00001141  GPIOIntTypeSet                 
00000b51  GPIOPadConfigSet               
0000128d  GPIOPinConfigure               
000015bf  GPIOPinRead                    
000014f5  GPIOPinTypeGPIOInput           
00001487  GPIOPinTypeGPIOOutput          
00001507  GPIOPinTypeUART                
000015c5  GPIOPinWrite                   
00000aed  InitButton                     
0000048f  InitButtonISR                  
000005a9  InitESP8266                    
00000ad1  InitLED                        
00000409  InitProgram                    
00000a89  InitTimer0                     
00000a0d  InitUART0                      
00000a47  InitUART1                      
00001011  IntEnable                      
0000152b  IntMasterEnable                
0000139d  IntRegister                    
0000031d  ProcessCommand                 
00000663  ReceiveResponse                
00001589  ResetISR                       
00000357  ResponseXML                    
UNDEFED   SHT$$INIT_ARRAY$$Base          
UNDEFED   SHT$$INIT_ARRAY$$Limit         
0000062b  SendATCommand                  
0000073d  SendHtml                       
000006d9  SendRecvATCommand              
0000095d  SendString                     
000003cd  SetGPIO                        
00000c85  SysCtlClockGet                 
00000d95  SysCtlClockSet                 
000015cb  SysCtlDelay                    
000013d1  SysCtlPeripheralEnable         
00001361  Timer0IntHandler               
000010e1  TimerConfigure                 
0000153b  TimerEnable                    
000015d7  TimerIntClear                  
000015a9  TimerIntEnable                 
00001519  TimerLoadSet                   
000015b1  UARTBusy                       
00001595  UARTCharGet                    
0000159f  UARTCharPut                    
00001549  UARTCharsAvail                 
000015d1  UARTClockSourceSet             
000012d5  UARTConfigSetExpClk            
00001431  UARTDisable                    
000014b9  UARTEnable                     
20000860  __STACK_END                    
00000200  __STACK_SIZE                   
20000860  __STACK_TOP                    
00001be8  __TI_CINIT_Base                
00001c00  __TI_CINIT_Limit               
00001bcc  __TI_Handler_Table_Base        
00001bd8  __TI_Handler_Table_Limit       
00000fa1  __TI_auto_init                 
2000063c  __TI_cleanup_ptr               
00001079  __TI_decompress_lzss           
00001557  __TI_decompress_none           
20000640  __TI_dtors_ptr                 
20000644  __TI_enable_exit_profile_output
ffffffff  __TI_pprof_out_hndl            
ffffffff  __TI_prof_data_size            
ffffffff  __TI_prof_data_start           
00000000  __TI_static_base__             
0000157d  __TI_zero_init                 
00000f25  __aeabi_memclr                 
00000f25  __aeabi_memclr4                
00000f25  __aeabi_memclr8                
00000e89  __aeabi_memcpy                 
00000e89  __aeabi_memcpy4                
00000e89  __aeabi_memcpy8                
00000f27  __aeabi_memset                 
00000f27  __aeabi_memset4                
00000f27  __aeabi_memset8                
ffffffff  __binit__                      
ffffffff  __c_args__                     
00000c83  __mpu_init                     
20000660  __stack                        
000014a1  _args_main                     
00001199  _c_int00                       
20000648  _lock                          
000014db  _nop                           
000014d3  _register_lock                 
000014cd  _register_unlock               
00000f9f  _system_post_cinit             
000015db  _system_pre_init               
2000064c  _unlock                        
000011f1  abort                          
ffffffff  binit                          
00001241  copy_in                        
000011f9  exit                           
20000000  g_pfnRAMVectors                
00000000  g_pfnVectors                   
00000997  itoa                           
0000026d  main                           
20000658  main_func_sp                   
00000e89  memcpy                         
00000f2d  memset                         
00001375  millis                         
00001451  strcat                         
000014e1  strlen                         


GLOBAL SYMBOLS: SORTED BY Symbol Address 

address   name                           
-------   ----                           
00000000  __TI_static_base__             
00000000  g_pfnVectors                   
00000200  __STACK_SIZE                   
0000026d  main                           
0000031d  ProcessCommand                 
00000357  ResponseXML                    
000003cd  SetGPIO                        
00000409  InitProgram                    
0000043f  ButtonDISR                     
0000048f  InitButtonISR                  
000005a9  InitESP8266                    
0000062b  SendATCommand                  
00000663  ReceiveResponse                
000006d9  SendRecvATCommand              
0000073d  SendHtml                       
000007c7  ESPWrite                       
000008b5  FindString                     
0000095d  SendString                     
00000997  itoa                           
00000a0d  InitUART0                      
00000a47  InitUART1                      
00000a89  InitTimer0                     
00000ad1  InitLED                        
00000aed  InitButton                     
00000b51  GPIOPadConfigSet               
00000c83  __mpu_init                     
00000c85  SysCtlClockGet                 
00000d95  SysCtlClockSet                 
00000e89  __aeabi_memcpy                 
00000e89  __aeabi_memcpy4                
00000e89  __aeabi_memcpy8                
00000e89  memcpy                         
00000f25  __aeabi_memclr                 
00000f25  __aeabi_memclr4                
00000f25  __aeabi_memclr8                
00000f27  __aeabi_memset                 
00000f27  __aeabi_memset4                
00000f27  __aeabi_memset8                
00000f2d  memset                         
00000f9f  _system_post_cinit             
00000fa1  __TI_auto_init                 
00001011  IntEnable                      
00001079  __TI_decompress_lzss           
000010e1  TimerConfigure                 
00001141  GPIOIntTypeSet                 
00001199  _c_int00                       
000011ed  C$$EXIT                        
000011f1  abort                          
000011f9  exit                           
00001241  copy_in                        
0000128d  GPIOPinConfigure               
000012d5  UARTConfigSetExpClk            
00001361  Timer0IntHandler               
00001375  millis                         
0000137b  DelayMS                        
0000139d  IntRegister                    
000013d1  SysCtlPeripheralEnable         
00001405  GPIODirModeSet                 
00001431  UARTDisable                    
00001451  strcat                         
0000146f  GPIOIntRegister                
00001487  GPIOPinTypeGPIOOutput          
000014a1  _args_main                     
000014b9  UARTEnable                     
000014cd  _register_unlock               
000014d3  _register_lock                 
000014db  _nop                           
000014e1  strlen                         
000014f5  GPIOPinTypeGPIOInput           
00001507  GPIOPinTypeUART                
00001519  TimerLoadSet                   
0000152b  IntMasterEnable                
0000153b  TimerEnable                    
00001549  UARTCharsAvail                 
00001557  __TI_decompress_none           
00001565  CPUcpsie                       
00001571  GPIOIntEnable                  
0000157d  __TI_zero_init                 
00001589  ResetISR                       
00001595  UARTCharGet                    
0000159f  UARTCharPut                    
000015a9  TimerIntEnable                 
000015b1  UARTBusy                       
000015b9  GPIOIntClear                   
000015bf  GPIOPinRead                    
000015c5  GPIOPinWrite                   
000015cb  SysCtlDelay                    
000015d1  UARTClockSourceSet             
000015d7  TimerIntClear                  
000015db  _system_pre_init               
00001bcc  __TI_Handler_Table_Base        
00001bd8  __TI_Handler_Table_Limit       
00001be8  __TI_CINIT_Base                
00001c00  __TI_CINIT_Limit               
20000000  g_pfnRAMVectors                
2000063c  __TI_cleanup_ptr               
20000640  __TI_dtors_ptr                 
20000644  __TI_enable_exit_profile_output
20000648  _lock                          
2000064c  _unlock                        
20000658  main_func_sp                   
20000660  __stack                        
20000860  __STACK_END                    
20000860  __STACK_TOP                    
ffffffff  __TI_pprof_out_hndl            
ffffffff  __TI_prof_data_size            
ffffffff  __TI_prof_data_start           
ffffffff  __binit__                      
ffffffff  __c_args__                     
ffffffff  binit                          
UNDEFED   SHT$$INIT_ARRAY$$Base          
UNDEFED   SHT$$INIT_ARRAY$$Limit         

[112 symbols]
